{
  "General": {
    "RealName": "",
    "Owner": [],
    "Moderator": [],
    "Description": "",
    "Info": "",
    "SubjectPrefix": "",
    "FromIsList": "No",
    "AnonymousList": false,
    "FirstStripReplyTo": false,
    "ReplyGoesToList": "Poster",
    "ReplyToAddress": "",
    "UmbrellaList": false,
    "UmbrellaMemberSuffix": "",
    "SendReminders": false,
    "WelcomeMsg": "",
    "SendWelcomeMsg": false,
    "GoodbyeMsg": "",
    "SendGoodbyeMsg": false,
    "AdminImmedNotify": false,
    "AdminNotifyMchanges": false,
    "RespondToPostRequests": false,
    "Emergency": false,
    "NewMemberOptions": "None",
    "Administrivia": false,
    "MaxMessageSize": 0,
    "AdminMemberChunksize": 0,
    "IncludeRfc2369Headers": false,
    "IncludeListPostHeader": false,
    "IncludeSenderHeader": false,
    "MaxDaysToHold": 0
  },
  "NonDigest": {
    "Nondigestable": false,
    "Personalize": "No",
    "MsgHeader": "",
    "MsgFooter": "",
    "ScrubNondigest": false,
    "RegularExcludeLists": [],
    "RegularExcludeIgnore": false,
    "RegularIncludeLists": []
  },
  "Digest": {
    "Digestable": false,
    "DigestIsDefault": "Regular",
    "MimeIsDefaultDigest": "Plain",
    "DigestSizeThreshhold": 0,
    "DigestSendPeriodic": false,
    "DigestHeader": "",
    "DigestFooter": "",
    "DigestVolumeFrequency": "Yearly"
  },
  "Privacy": {
    "Advertised": false,
    "SubscribePolicy": "Confirm",
    "SubscribeAutoApproval": [],
    "UnubscribePolicy": false,
    "BanList": [],
    "PrivateRoster": "Anyone",
    "ObscureAddresses": false,
    "DefaultMemberModeration": false,
    "MemberVerbosityThreshold": 0,
    "MemberVerbosityInterval": 0,
    "MemberModerationAction": "Hold",
    "MemberModerationNotice": "",
    "DmarcModerationAction": "Accept",
    "DmarcQuarantineModerationAction": false,
    "DmarcNoneModerationAction": false,
    "DmarcModerationNotice": "",
    "DmarcWrappedMessageText": "",
    "EquivalentDomains": [],
    "AcceptTheseNonmembers": [],
    "HoldTheseNonmembers": [],
    "RejectTheseNonmembers": [],
    "DiscardTheseNonmembers": [],
    "GenericNonmemberAction": "Accept",
    "ForwardAutoDiscards": false,
    "NonmemberRejectionNotice": "",
    "RequireExplicitDestination": false,
    "AcceptableAliases": [],
    "MaxNumRecipients": 0,
    "BounceMatchingHeaders": []
  },
  "BounceProcessing": {
    "BounceProcessing": false,
    "BounceScoreThreshold": 0.0,
    "BounceInfoStaleAfter": 0,
    "BounceYouAreDisabledWarnings": 0,
    "BounceYouAreDisabledWarningsInterval": 0,
    "BounceUnrecognizedGoesToListOwner": false,
    "BounceNotifyOwnerOnBounceIncrement": false,
    "BounceNotifyOwnerOnDisable": false,
    "BounceNotifyOwnerOnRemoval": false
  },
  "Archiving": {
    "Archive": false,
    "ArchivePrivate": "Public",
    "ArchiveVolumeFrequency": "Yearly"
  },
  "MailNewsGateways": {
    "NntpHost": "",
    "LinkedNewsgroup": "",
    "GatewayToNews": false,
    "GatewayToMail": false,
    "NewPrefixSubjectToo": false
  },
  "AutoResponder": {
    "AutorespondPostings": false,
    "AutoresponsePostingsText": "",
    "AutorespondAdmin": false,
    "AutoresponseAdminText": "",
    "AutorespondRequests": "No",
    "AutoresponseRequestText": "",
    "AutoresponseGraceperiod": 0
  },
  "ContentFiltering": {
    "FilterContent": false,
    "FilterMimeTypes": [],
    "PassMimeTypes": [],
    "FilterFilenameExtensions": [],
    "PassFilenameExtensions": [],
    "CollapseAlternatives": false,
    "ConvertHtmlToPlaintext": false,
    "FilterAction": "Discard"
  },
  "Topics": {
    "TopicsEnabled": false,
    "TopicsBodylinesLimit": 0
  }
}