{
  "General": {
    "RealName": "MyList",
    "Owner": [],
    "Moderator": [],
    "Description": "",
    "Info": [],
    "SubjectPrefix": "",
    "FromIsList": 0,
    "AnonymousList": false,
    "FirstStripReplyTo": false,
    "ReplyGoesToList": 0,
    "ReplyToAddress": "",
    "UmbrellaList": false,
    "UmbrellaMemberSuffix": "",
    "SendReminders": false,
    "WelcomeMsg": [],
    "SendWelcomeMsg": false,
    "GoodbyeMsg": [],
    "SendGoodbyeMsg": false,
    "AdminImmedNotify": false,
    "AdminNotifyMchanges": false,
    "RespondToPostRequests": false,
    "Emergency": false,
    "NewMemberOptions": 0,
    "Administrivia": false,
    "MaxMessageSize": 0,
    "AdminMemberChunksize": 0,
    "IncludeRfc2369Headers": false,
    "IncludeListPostHeader": false,
    "IncludeSenderHeader": false,
    "MaxDaysToHold": 0
  },
  "NonDigest": {
    "Nondigestable": true,
    "Personalize": 0,
    "MsgHeader": [],
    "MsgFooter": [],
    "ScrubNondigest": false,
    "RegularExcludeLists": [],
    "RegularExcludeIgnore": false,
    "RegularIncludeLists": []
  },
  "Digest": {
    "Digestable": true,
    "DigestIsDefault": 0,
    "MimeIsDefaultDigest": 0,
    "DigestSizeThreshhold": 0,
    "DigestSendPeriodic": false,
    "DigestHeader": [],
    "DigestFooter": [],
    "DigestVolumeFrequency": 0
  },
  "Privacy": {
    "Advertised": true,
    "SubscribePolicy": 0,
    "SubscribeAutoApproval": [],
    "UnubscribePolicy": false,
    "BanList": [],
    "PrivateRoster": 0,
    "ObscureAddresses": false,
    "DefaultMemberModeration": false,
    "MemberVerbosityThreshold": 0,
    "MemberVerbosityInterval": 0,
    "MemberModerationAction": 0,
    "MemberModerationNotice": [],
    "DmarcModerationAction": 0,
    "DmarcQuarantineModerationAction": false,
    "DmarcNoneModerationAction": false,
    "DmarcWrappedMessageText": [],
    "EquivalentDomains": [],
    "AcceptTheseNonmembers": [],
    "HoldTheseNonmembers": [],
    "RejectTheseNonmembers": [],
    "DiscardTheseNonmembers": [],
    "GenericNonmemberAction": 0,
    "ForwardAutoDiscards": false,
    "NonmemberRejectionNotice": [],
    "RequireExplicitDestination": false,
    "AcceptableAliases": [],
    "MaxNumRecipients": 0,
    "BounceMatchingHeaders": []
  },
  "BounceProcessing": {
    "BounceProcessing": true,
    "BounceScoreThreshold": 0.0,
    "BounceInfoStaleAfter": 0,
    "BounceYouAreDisabledWarnings": 0,
    "BounceYouAreDisabledWarningsInterval": 0,
    "BounceUnrecognizedGoesToListOwner": false,
    "BounceNotifyOwnerOnBounceIncrement": false,
    "BounceNotifyOwnerOnDisable": false,
    "BounceNotifyOwnerOnRemoval": false
  },
  "Archiving": {
    "Archive": true,
    "ArchivePrivate": 0,
    "ArchiveVolumeFrequency": 0
  },
  "MailNewsGateways": {
    "NntpHost": "",
    "LinkedNewsgroup": "",
    "GatewayToNews": false,
    "GatewayToMail": false,
    "NewPrefixSubjectToo": true
  },
  "AutoResponder": {
    "AutorespondPostings": false,
    "AutoresponsePostingsText": [],
    "AutorespondAdmin": true,
    "AutoresponseAdminText": [],
    "AutorespondRequests": 0,
    "AutoresponseRequestText": [],
    "AutoresponseGraceperiod": 0
  },
  "ContentFiltering": {
    "FilterContent": false,
    "FilterMimeTypes": [],
    "PassMimeTypes": [],
    "FilterFilenameExtensions": [],
    "PassFilenameExtensions": [],
    "CollapseAlternatives": true,
    "ConvertHtmlToPlaintext": false,
    "FilterAction": 0
  },
  "Topics": {
    "TopicsEnabled": false,
    "TopicsBodylinesLimit": 10
  }
}